INSTRUMENTATION_STATUS: class=com.myvault.app.ui.navigation.RootNavigationTest
INSTRUMENTATION_STATUS: current=1
INSTRUMENTATION_STATUS: id=AndroidJUnitRunner
INSTRUMENTATION_STATUS: numtests=6
INSTRUMENTATION_STATUS: stream=
com.myvault.app.ui.navigation.RootNavigationTest:
INSTRUMENTATION_STATUS: test=reflectionsIsAnIndependentRootAndReaderReturnsToIt
INSTRUMENTATION_STATUS_CODE: 1
INSTRUMENTATION_STATUS: class=com.myvault.app.ui.navigation.RootNavigationTest
INSTRUMENTATION_STATUS: current=1
INSTRUMENTATION_STATUS: id=AndroidJUnitRunner
INSTRUMENTATION_STATUS: numtests=6
INSTRUMENTATION_STATUS: stream=.
INSTRUMENTATION_STATUS: test=reflectionsIsAnIndependentRootAndReaderReturnsToIt
INSTRUMENTATION_STATUS_CODE: 0
INSTRUMENTATION_STATUS: class=com.myvault.app.ui.navigation.RootNavigationTest
INSTRUMENTATION_STATUS: current=2
INSTRUMENTATION_STATUS: id=AndroidJUnitRunner
INSTRUMENTATION_STATUS: numtests=6
INSTRUMENTATION_STATUS: stream=
INSTRUMENTATION_STATUS: test=selectingTheSameRootDoesNotDuplicateIt
INSTRUMENTATION_STATUS_CODE: 1
INSTRUMENTATION_STATUS: class=com.myvault.app.ui.navigation.RootNavigationTest
INSTRUMENTATION_STATUS: current=2
INSTRUMENTATION_STATUS: id=AndroidJUnitRunner
INSTRUMENTATION_STATUS: numtests=6
INSTRUMENTATION_STATUS: stream=.
INSTRUMENTATION_STATUS: test=selectingTheSameRootDoesNotDuplicateIt
INSTRUMENTATION_STATUS_CODE: 0
INSTRUMENTATION_STATUS: class=com.myvault.app.ui.navigation.RootNavigationTest
INSTRUMENTATION_STATUS: current=3
INSTRUMENTATION_STATUS: id=AndroidJUnitRunner
INSTRUMENTATION_STATUS: numtests=6
INSTRUMENTATION_STATUS: stream=
INSTRUMENTATION_STATUS: test=deletingFromReaderReturnsToItsParent
INSTRUMENTATION_STATUS_CODE: 1
INSTRUMENTATION_STATUS: class=com.myvault.app.ui.navigation.RootNavigationTest
INSTRUMENTATION_STATUS: current=3
INSTRUMENTATION_STATUS: id=AndroidJUnitRunner
INSTRUMENTATION_STATUS: numtests=6
INSTRUMENTATION_STATUS: stream=.
INSTRUMENTATION_STATUS: test=deletingFromReaderReturnsToItsParent
INSTRUMENTATION_STATUS_CODE: 0
INSTRUMENTATION_STATUS: class=com.myvault.app.ui.navigation.RootNavigationTest
INSTRUMENTATION_STATUS: current=4
INSTRUMENTATION_STATUS: id=AndroidJUnitRunner
INSTRUMENTATION_STATUS: numtests=6
INSTRUMENTATION_STATUS: stream=
INSTRUMENTATION_STATUS: test=dashboardOpensKnowledgeRoot
INSTRUMENTATION_STATUS_CODE: 1
INSTRUMENTATION_STATUS: class=com.myvault.app.ui.navigation.RootNavigationTest
INSTRUMENTATION_STATUS: current=4
INSTRUMENTATION_STATUS: id=AndroidJUnitRunner
INSTRUMENTATION_STATUS: numtests=6
INSTRUMENTATION_STATUS: stream=.
INSTRUMENTATION_STATUS: test=dashboardOpensKnowledgeRoot
INSTRUMENTATION_STATUS_CODE: 0
INSTRUMENTATION_STATUS: class=com.myvault.app.ui.navigation.RootNavigationTest
INSTRUMENTATION_STATUS: current=5
INSTRUMENTATION_STATUS: id=AndroidJUnitRunner
INSTRUMENTATION_STATUS: numtests=6
INSTRUMENTATION_STATUS: stream=
INSTRUMENTATION_STATUS: test=deletingFromEditorRemovesItsUnderlyingReader
INSTRUMENTATION_STATUS_CODE: 1
INSTRUMENTATION_STATUS: class=com.myvault.app.ui.navigation.RootNavigationTest
INSTRUMENTATION_STATUS: current=5
INSTRUMENTATION_STATUS: id=AndroidJUnitRunner
INSTRUMENTATION_STATUS: numtests=6
INSTRUMENTATION_STATUS: stream=.
INSTRUMENTATION_STATUS: test=deletingFromEditorRemovesItsUnderlyingReader
INSTRUMENTATION_STATUS_CODE: 0
INSTRUMENTATION_STATUS: class=com.myvault.app.ui.navigation.RootNavigationTest
INSTRUMENTATION_STATUS: current=6
INSTRUMENTATION_STATUS: id=AndroidJUnitRunner
INSTRUMENTATION_STATUS: numtests=6
INSTRUMENTATION_STATUS: stream=
INSTRUMENTATION_STATUS: test=switchingRootsReplacesThePreviousRoot
INSTRUMENTATION_STATUS_CODE: 1
INSTRUMENTATION_STATUS: class=com.myvault.app.ui.navigation.RootNavigationTest
INSTRUMENTATION_STATUS: current=6
INSTRUMENTATION_STATUS: id=AndroidJUnitRunner
INSTRUMENTATION_STATUS: numtests=6
INSTRUMENTATION_STATUS: stream=.
INSTRUMENTATION_STATUS: test=switchingRootsReplacesThePreviousRoot
INSTRUMENTATION_STATUS_CODE: 0
INSTRUMENTATION_RESULT: stream=

Time: 0.087

OK (6 tests)


INSTRUMENTATION_CODE: -1
