INSTRUMENTATION_STATUS: class=com.myvault.app.ui.screens.DrawerCleanupDeviceTest
INSTRUMENTATION_STATUS: current=1
INSTRUMENTATION_STATUS: id=AndroidJUnitRunner
INSTRUMENTATION_STATUS: numtests=17
INSTRUMENTATION_STATUS: stream=
com.myvault.app.ui.screens.DrawerCleanupDeviceTest:
INSTRUMENTATION_STATUS: test=searchHeaderWorksFromEveryDrawerContext
INSTRUMENTATION_STATUS_CODE: 1
INSTRUMENTATION_STATUS: class=com.myvault.app.ui.screens.DrawerCleanupDeviceTest
INSTRUMENTATION_STATUS: current=1
INSTRUMENTATION_STATUS: id=AndroidJUnitRunner
INSTRUMENTATION_STATUS: numtests=17
INSTRUMENTATION_STATUS: stream=.
INSTRUMENTATION_STATUS: test=searchHeaderWorksFromEveryDrawerContext
INSTRUMENTATION_STATUS_CODE: 0
INSTRUMENTATION_STATUS: class=com.myvault.app.ui.screens.DrawerCleanupDeviceTest
INSTRUMENTATION_STATUS: current=2
INSTRUMENTATION_STATUS: id=AndroidJUnitRunner
INSTRUMENTATION_STATUS: numtests=17
INSTRUMENTATION_STATUS: stream=
INSTRUMENTATION_STATUS: test=productionRootsOpenExistingSearchAndFooterSettings
INSTRUMENTATION_STATUS_CODE: 1
INSTRUMENTATION_STATUS: class=com.myvault.app.ui.screens.DrawerCleanupDeviceTest
INSTRUMENTATION_STATUS: current=2
INSTRUMENTATION_STATUS: id=AndroidJUnitRunner
INSTRUMENTATION_STATUS: numtests=17
INSTRUMENTATION_STATUS: stream=.
INSTRUMENTATION_STATUS: test=productionRootsOpenExistingSearchAndFooterSettings
INSTRUMENTATION_STATUS_CODE: 0
INSTRUMENTATION_STATUS: class=com.myvault.app.ui.screens.DrawerCleanupDeviceTest
INSTRUMENTATION_STATUS: current=3
INSTRUMENTATION_STATUS: id=AndroidJUnitRunner
INSTRUMENTATION_STATUS: numtests=17
INSTRUMENTATION_STATUS: stream=
INSTRUMENTATION_STATUS: test=folderTitleChevronAndPlusStayIndependentAcrossNavigation
INSTRUMENTATION_STATUS_CODE: 1
INSTRUMENTATION_STATUS: class=com.myvault.app.ui.screens.DrawerCleanupDeviceTest
INSTRUMENTATION_STATUS: current=3
INSTRUMENTATION_STATUS: id=AndroidJUnitRunner
INSTRUMENTATION_STATUS: numtests=17
INSTRUMENTATION_STATUS: stream=.
INSTRUMENTATION_STATUS: test=folderTitleChevronAndPlusStayIndependentAcrossNavigation
INSTRUMENTATION_STATUS_CODE: 0
INSTRUMENTATION_STATUS: class=com.myvault.app.ui.screens.DrawerCleanupDeviceTest
INSTRUMENTATION_STATUS: current=4
INSTRUMENTATION_STATUS: id=AndroidJUnitRunner
INSTRUMENTATION_STATUS: numtests=17
INSTRUMENTATION_STATUS: stream=
INSTRUMENTATION_STATUS: test=headerFooterOrderThemesNamesAndWorkspaceRemainUsable
INSTRUMENTATION_STATUS_CODE: 1
INSTRUMENTATION_STATUS: class=com.myvault.app.ui.screens.DrawerCleanupDeviceTest
INSTRUMENTATION_STATUS: current=4
INSTRUMENTATION_STATUS: id=AndroidJUnitRunner
INSTRUMENTATION_STATUS: numtests=17
INSTRUMENTATION_STATUS: stream=.
INSTRUMENTATION_STATUS: test=headerFooterOrderThemesNamesAndWorkspaceRemainUsable
INSTRUMENTATION_STATUS_CODE: 0
INSTRUMENTATION_STATUS: class=com.myvault.app.ui.screens.DrawerCleanupDeviceTest
INSTRUMENTATION_STATUS: current=5
INSTRUMENTATION_STATUS: id=AndroidJUnitRunner
INSTRUMENTATION_STATUS: numtests=17
INSTRUMENTATION_STATUS: stream=
INSTRUMENTATION_STATUS: test=drawerClosesWithBackOutsideTapSwipeAndSelection
INSTRUMENTATION_STATUS_CODE: 1
INSTRUMENTATION_STATUS: class=com.myvault.app.ui.screens.DrawerCleanupDeviceTest
INSTRUMENTATION_STATUS: current=5
INSTRUMENTATION_STATUS: id=AndroidJUnitRunner
INSTRUMENTATION_STATUS: numtests=17
INSTRUMENTATION_STATUS: stream=.
INSTRUMENTATION_STATUS: test=drawerClosesWithBackOutsideTapSwipeAndSelection
INSTRUMENTATION_STATUS_CODE: 0
INSTRUMENTATION_STATUS: class=com.myvault.app.ui.screens.DrawerProfilePersistenceTest
INSTRUMENTATION_STATUS: current=6
INSTRUMENTATION_STATUS: id=AndroidJUnitRunner
INSTRUMENTATION_STATUS: numtests=17
INSTRUMENTATION_STATUS: stream=
com.myvault.app.ui.screens.DrawerProfilePersistenceTest:
INSTRUMENTATION_STATUS: test=cachedPhotoSurvivesOfflineAndCannotLeakToAnotherAccount
INSTRUMENTATION_STATUS_CODE: 1
INSTRUMENTATION_STATUS: class=com.myvault.app.ui.screens.DrawerProfilePersistenceTest
INSTRUMENTATION_STATUS: current=6
INSTRUMENTATION_STATUS: id=AndroidJUnitRunner
INSTRUMENTATION_STATUS: numtests=17
INSTRUMENTATION_STATUS: stream=.
INSTRUMENTATION_STATUS: test=cachedPhotoSurvivesOfflineAndCannotLeakToAnotherAccount
INSTRUMENTATION_STATUS_CODE: 0
INSTRUMENTATION_STATUS: class=com.myvault.app.ui.screens.DrawerProfilePersistenceTest
INSTRUMENTATION_STATUS: current=7
INSTRUMENTATION_STATUS: id=AndroidJUnitRunner
INSTRUMENTATION_STATUS: numtests=17
INSTRUMENTATION_STATUS: stream=
INSTRUMENTATION_STATUS: test=namesPersistIndependentlyAndCanResetToFallback
INSTRUMENTATION_STATUS_CODE: 1
INSTRUMENTATION_STATUS: class=com.myvault.app.ui.screens.DrawerProfilePersistenceTest
INSTRUMENTATION_STATUS: current=7
INSTRUMENTATION_STATUS: id=AndroidJUnitRunner
INSTRUMENTATION_STATUS: numtests=17
INSTRUMENTATION_STATUS: stream=.
INSTRUMENTATION_STATUS: test=namesPersistIndependentlyAndCanResetToFallback
INSTRUMENTATION_STATUS_CODE: 0
INSTRUMENTATION_STATUS: class=com.myvault.app.ui.screens.DrawerProfilePersistenceTest
INSTRUMENTATION_STATUS: current=8
INSTRUMENTATION_STATUS: id=AndroidJUnitRunner
INSTRUMENTATION_STATUS: numtests=17
INSTRUMENTATION_STATUS: stream=
INSTRUMENTATION_STATUS: test=nameSurvivesProcessDeath
INSTRUMENTATION_STATUS_CODE: 1
INSTRUMENTATION_STATUS: class=com.myvault.app.ui.screens.DrawerProfilePersistenceTest
INSTRUMENTATION_STATUS: current=8
INSTRUMENTATION_STATUS: id=AndroidJUnitRunner
INSTRUMENTATION_STATUS: numtests=17
INSTRUMENTATION_STATUS: stream=.
INSTRUMENTATION_STATUS: test=nameSurvivesProcessDeath
INSTRUMENTATION_STATUS_CODE: 0
INSTRUMENTATION_STATUS: class=com.myvault.app.ui.screens.ReflectionsPortDeviceTest
INSTRUMENTATION_STATUS: current=9
INSTRUMENTATION_STATUS: id=AndroidJUnitRunner
INSTRUMENTATION_STATUS: numtests=17
INSTRUMENTATION_STATUS: stream=
com.myvault.app.ui.screens.ReflectionsPortDeviceTest:
INSTRUMENTATION_STATUS: test=compactListThemesSearchFilterSortAndLivePresentationUpdates
INSTRUMENTATION_STATUS_CODE: 1
INSTRUMENTATION_STATUS: class=com.myvault.app.ui.screens.ReflectionsPortDeviceTest
INSTRUMENTATION_STATUS: current=9
INSTRUMENTATION_STATUS: id=AndroidJUnitRunner
INSTRUMENTATION_STATUS: numtests=17
INSTRUMENTATION_STATUS: stream=.
INSTRUMENTATION_STATUS: test=compactListThemesSearchFilterSortAndLivePresentationUpdates
INSTRUMENTATION_STATUS_CODE: 0
INSTRUMENTATION_STATUS: class=com.myvault.app.ui.screens.ReflectionsPortDeviceTest
INSTRUMENTATION_STATUS: current=10
INSTRUMENTATION_STATUS: id=AndroidJUnitRunner
INSTRUMENTATION_STATUS: numtests=17
INSTRUMENTATION_STATUS: stream=
INSTRUMENTATION_STATUS: test=productionDrawerPlacesReflectionsBetweenQuranAndMemorise
INSTRUMENTATION_STATUS_CODE: 1
INSTRUMENTATION_STATUS: class=com.myvault.app.ui.screens.ReflectionsPortDeviceTest
INSTRUMENTATION_STATUS: current=10
INSTRUMENTATION_STATUS: id=AndroidJUnitRunner
INSTRUMENTATION_STATUS: numtests=17
INSTRUMENTATION_STATUS: stream=.
INSTRUMENTATION_STATUS: test=productionDrawerPlacesReflectionsBetweenQuranAndMemorise
INSTRUMENTATION_STATUS_CODE: 0
INSTRUMENTATION_STATUS: class=com.myvault.app.ui.screens.ReflectionsPortDeviceTest
INSTRUMENTATION_STATUS: current=11
INSTRUMENTATION_STATUS: id=AndroidJUnitRunner
INSTRUMENTATION_STATUS: numtests=17
INSTRUMENTATION_STATUS: stream=
INSTRUMENTATION_STATUS: test=explicitReflectionOpensExistingSheetWithExactIdAndCanonicalAyah
INSTRUMENTATION_STATUS_CODE: 1
INSTRUMENTATION_STATUS: class=com.myvault.app.ui.screens.ReflectionsPortDeviceTest
INSTRUMENTATION_STATUS: current=11
INSTRUMENTATION_STATUS: id=AndroidJUnitRunner
INSTRUMENTATION_STATUS: numtests=17
INSTRUMENTATION_STATUS: stream=.
INSTRUMENTATION_STATUS: test=explicitReflectionOpensExistingSheetWithExactIdAndCanonicalAyah
INSTRUMENTATION_STATUS_CODE: 0
INSTRUMENTATION_STATUS: class=com.myvault.app.ui.navigation.RootNavigationTest
INSTRUMENTATION_STATUS: current=12
INSTRUMENTATION_STATUS: id=AndroidJUnitRunner
INSTRUMENTATION_STATUS: numtests=17
INSTRUMENTATION_STATUS: stream=
com.myvault.app.ui.navigation.RootNavigationTest:
INSTRUMENTATION_STATUS: test=reflectionsIsAnIndependentRootAndReaderReturnsToIt
INSTRUMENTATION_STATUS_CODE: 1
INSTRUMENTATION_STATUS: class=com.myvault.app.ui.navigation.RootNavigationTest
INSTRUMENTATION_STATUS: current=12
INSTRUMENTATION_STATUS: id=AndroidJUnitRunner
INSTRUMENTATION_STATUS: numtests=17
INSTRUMENTATION_STATUS: stream=.
INSTRUMENTATION_STATUS: test=reflectionsIsAnIndependentRootAndReaderReturnsToIt
INSTRUMENTATION_STATUS_CODE: 0
INSTRUMENTATION_STATUS: class=com.myvault.app.ui.navigation.RootNavigationTest
INSTRUMENTATION_STATUS: current=13
INSTRUMENTATION_STATUS: id=AndroidJUnitRunner
INSTRUMENTATION_STATUS: numtests=17
INSTRUMENTATION_STATUS: stream=
INSTRUMENTATION_STATUS: test=selectingTheSameRootDoesNotDuplicateIt
INSTRUMENTATION_STATUS_CODE: 1
INSTRUMENTATION_STATUS: class=com.myvault.app.ui.navigation.RootNavigationTest
INSTRUMENTATION_STATUS: current=13
INSTRUMENTATION_STATUS: id=AndroidJUnitRunner
INSTRUMENTATION_STATUS: numtests=17
INSTRUMENTATION_STATUS: stream=.
INSTRUMENTATION_STATUS: test=selectingTheSameRootDoesNotDuplicateIt
INSTRUMENTATION_STATUS_CODE: 0
INSTRUMENTATION_STATUS: class=com.myvault.app.ui.navigation.RootNavigationTest
INSTRUMENTATION_STATUS: current=14
INSTRUMENTATION_STATUS: id=AndroidJUnitRunner
INSTRUMENTATION_STATUS: numtests=17
INSTRUMENTATION_STATUS: stream=
INSTRUMENTATION_STATUS: test=deletingFromReaderReturnsToItsParent
INSTRUMENTATION_STATUS_CODE: 1
INSTRUMENTATION_STATUS: class=com.myvault.app.ui.navigation.RootNavigationTest
INSTRUMENTATION_STATUS: current=14
INSTRUMENTATION_STATUS: id=AndroidJUnitRunner
INSTRUMENTATION_STATUS: numtests=17
INSTRUMENTATION_STATUS: stream=.
INSTRUMENTATION_STATUS: test=deletingFromReaderReturnsToItsParent
INSTRUMENTATION_STATUS_CODE: 0
INSTRUMENTATION_STATUS: class=com.myvault.app.ui.navigation.RootNavigationTest
INSTRUMENTATION_STATUS: current=15
INSTRUMENTATION_STATUS: id=AndroidJUnitRunner
INSTRUMENTATION_STATUS: numtests=17
INSTRUMENTATION_STATUS: stream=
INSTRUMENTATION_STATUS: test=dashboardOpensKnowledgeRoot
INSTRUMENTATION_STATUS_CODE: 1
INSTRUMENTATION_STATUS: class=com.myvault.app.ui.navigation.RootNavigationTest
INSTRUMENTATION_STATUS: current=15
INSTRUMENTATION_STATUS: id=AndroidJUnitRunner
INSTRUMENTATION_STATUS: numtests=17
INSTRUMENTATION_STATUS: stream=.
INSTRUMENTATION_STATUS: test=dashboardOpensKnowledgeRoot
INSTRUMENTATION_STATUS_CODE: 0
INSTRUMENTATION_STATUS: class=com.myvault.app.ui.navigation.RootNavigationTest
INSTRUMENTATION_STATUS: current=16
INSTRUMENTATION_STATUS: id=AndroidJUnitRunner
INSTRUMENTATION_STATUS: numtests=17
INSTRUMENTATION_STATUS: stream=
INSTRUMENTATION_STATUS: test=deletingFromEditorRemovesItsUnderlyingReader
INSTRUMENTATION_STATUS_CODE: 1
INSTRUMENTATION_STATUS: class=com.myvault.app.ui.navigation.RootNavigationTest
INSTRUMENTATION_STATUS: current=16
INSTRUMENTATION_STATUS: id=AndroidJUnitRunner
INSTRUMENTATION_STATUS: numtests=17
INSTRUMENTATION_STATUS: stream=.
INSTRUMENTATION_STATUS: test=deletingFromEditorRemovesItsUnderlyingReader
INSTRUMENTATION_STATUS_CODE: 0
INSTRUMENTATION_STATUS: class=com.myvault.app.ui.navigation.RootNavigationTest
INSTRUMENTATION_STATUS: current=17
INSTRUMENTATION_STATUS: id=AndroidJUnitRunner
INSTRUMENTATION_STATUS: numtests=17
INSTRUMENTATION_STATUS: stream=
INSTRUMENTATION_STATUS: test=switchingRootsReplacesThePreviousRoot
INSTRUMENTATION_STATUS_CODE: 1
INSTRUMENTATION_STATUS: class=com.myvault.app.ui.navigation.RootNavigationTest
INSTRUMENTATION_STATUS: current=17
INSTRUMENTATION_STATUS: id=AndroidJUnitRunner
INSTRUMENTATION_STATUS: numtests=17
INSTRUMENTATION_STATUS: stream=.
INSTRUMENTATION_STATUS: test=switchingRootsReplacesThePreviousRoot
INSTRUMENTATION_STATUS_CODE: 0
INSTRUMENTATION_RESULT: stream=

Time: 91.156

OK (17 tests)


INSTRUMENTATION_CODE: -1
